// Jest Snapshot v1, https://goo.gl/fbAQLP

exports[`Register Component renders without crashing 1`] = `
<div
  className="Register"
>
  <MuiThemeProvider>
    <div>
      <div>
        <TextField
          disabled={false}
          floatingLabelFixed={false}
          floatingLabelText="Username"
          fullWidth={false}
          hintText="Enter your Username"
          multiLine={false}
          onChange={[Function]}
          rows={1}
          type="text"
          underlineShow={true}
        />
        <br />
        <TextField
          disabled={false}
          floatingLabelFixed={false}
          floatingLabelText="Email"
          fullWidth={false}
          hintText="Enter your Email"
          multiLine={false}
          onChange={[Function]}
          rows={1}
          type="text"
          underlineShow={true}
        />
        <br />
        <TextField
          disabled={false}
          floatingLabelFixed={false}
          floatingLabelText="Password"
          fullWidth={false}
          hintText="Enter your Password"
          multiLine={false}
          onChange={[Function]}
          rows={1}
          type="password"
          underlineShow={true}
        />
        <br />
        <div>
          <RaisedButton
            disabled={false}
            fullWidth={false}
            label="Submit"
            labelPosition="after"
            onClick={[Function]}
            primary={false}
            secondary={true}
            style={
              Object {
                "marginRight": 20,
              }
            }
          />
        </div>
      </div>
    </div>
  </MuiThemeProvider>
</div>
`;
