// Jest Snapshot v1, https://goo.gl/fbAQLP

exports[`Welcome Component renders without crashing 1`] = `
<div>
  <h1>
    Welcome
  </h1>
</div>
`;
